// Jest Snapshot v1, https://goo.gl/fbAQLP

exports[`With Snapshot Testing App shows "Hello, Sunshine!" 1`] = `
<p>
  Please log in.
</p>
`;
